#,,,,,,,,,,,,,,,,,,,,,"generated_by='OpenQuake engine 3.8.0-git57343152bb', start_date='2019-10-03T05:20:52', checksum=4156250378, kind='mean', investigation_time=50.0, imt='SA(0.05)'"
lon,lat,depth,poe-0.0050000,poe-0.0070000,poe-0.0098000,poe-0.0137000,poe-0.0192000,poe-0.0269000,poe-0.0376000,poe-0.0527000,poe-0.0738000,poe-0.1030000,poe-0.1450000,poe-0.2030000,poe-0.2840000,poe-0.3970000,poe-0.5560000,poe-0.7780000,poe-1.0900000,poe-1.5200000,poe-2.1300000
6.00000,32.50000,0.00000,3.096013E-03,2.488892E-03,1.850154E-03,1.257607E-03,7.715419E-04,4.264845E-04,2.121063E-04,9.278463E-05,3.537035E-05,1.162103E-05,2.973089E-06,5.640967E-07,5.855397E-08,1.492338E-10,0.000000E+00,0.000000E+00,0.000000E+00,0.000000E+00,0.000000E+00
7.50000,36.00000,0.00000,0.000000E+00,0.000000E+00,0.000000E+00,0.000000E+00,0.000000E+00,0.000000E+00,0.000000E+00,0.000000E+00,0.000000E+00,0.000000E+00,0.000000E+00,0.000000E+00,0.000000E+00,0.000000E+00,0.000000E+00,0.000000E+00,0.000000E+00,0.000000E+00,0.000000E+00
