#,,,,,,,,,,,,,,,,,,,,,"generated_by='OpenQuake engine 3.8.0-git57343152bb', start_date='2019-10-03T05:20:52', checksum=4156250378, kind='mean', investigation_time=50.0, imt='SA(2.0)'"
lon,lat,depth,poe-0.0050000,poe-0.0070000,poe-0.0098000,poe-0.0137000,poe-0.0192000,poe-0.0269000,poe-0.0376000,poe-0.0527000,poe-0.0738000,poe-0.1030000,poe-0.1450000,poe-0.2030000,poe-0.2840000,poe-0.3970000,poe-0.5560000,poe-0.7780000,poe-1.0900000,poe-1.5200000,poe-2.1300000
6.00000,32.50000,0.00000,1.141184E-04,6.924784E-05,3.907550E-05,2.030885E-05,9.507055E-06,3.973472E-06,1.460542E-06,4.515714E-07,1.111608E-07,1.900620E-08,9.712579E-10,8.527817E-12,0.000000E+00,0.000000E+00,0.000000E+00,0.000000E+00,0.000000E+00,0.000000E+00,0.000000E+00
7.50000,36.00000,0.00000,0.000000E+00,0.000000E+00,0.000000E+00,0.000000E+00,0.000000E+00,0.000000E+00,0.000000E+00,0.000000E+00,0.000000E+00,0.000000E+00,0.000000E+00,0.000000E+00,0.000000E+00,0.000000E+00,0.000000E+00,0.000000E+00,0.000000E+00,0.000000E+00,0.000000E+00
