# generated_by='OpenQuake engine 3.7.0-git33f1998e79', start_date='2019-09-04T13:31:21', checksum=2115243534, investigation_time=50.0, risk_investigation_time=50.0
event_id,rlz_id,rup_id,year,structural
0,0,42,39,2.35503E+02
1,0,42,29,6.61698E+02
2,0,42,15,2.74907E+02
3,0,42,43,5.97396E+02
4,0,45,8,2.39994E+03
5,0,49,21,1.11997E+03
6,0,51,39,2.30390E+02
