# generated_by='OpenQuake engine 3.7.0-git9f96ee7884', start_date='2019-08-06T07:03:17', checksum=2307593317
rlz_id,loss_type,unit,mean,stddev
0,structural,USD,2.235958E+03,2.213899E+03
1,structural,USD,2.632648E+03,2.199993E+03
