# generated_by='OpenQuake engine 3.7.0-git12a38adeeb', start_date='2019-07-18T06:01:15', checksum=1553247118, smlt_path='b1', gsimlt_path='b1', imt='SA', investigation_time=50.0, lon=10.099999999999994, lat=40.1, poe='0.0200000', iml='6.0066782e-01'
mag,dist,poe
5.50000E+00,1.25000E+01,8.59037E-03
5.50000E+00,3.75000E+01,0.00000E+00
6.50000E+00,1.25000E+01,6.69045E-03
6.50000E+00,3.75000E+01,1.37565E-06
7.50000E+00,1.25000E+01,3.08138E-03
7.50000E+00,3.75000E+01,1.77986E-05
