# generated_by='OpenQuake engine 3.7.0-git0c1d04aa90', start_date='2019-07-24T15:44:48', checksum=3257945774
rlz_id,loss_type,unit,mean,stddev
0,structural,USD,6.050000E+02,1.388134E+03
