#,,,,,,,,,,"generated_by='OpenQuake engine 3.8.0-git0a8c860bf9', start_date='2019-10-18T06:35:52', checksum=1469780630, investigation_time=1.0, ses_per_logic_tree_path=5"
rupid,multiplicity,mag,centroid_lon,centroid_lat,centroid_depth,trt,strike,dip,rake,boundary
0,1,5.250000E+00,8.200126E+01,2.800190E+01,1.500000E+01,Active Shallow Crust,3.330100E+02,9.000000E+01,0.000000E+00,"MULTIPOLYGON(((82.01164 27.98390 12.754,81.99087 28.01990 12.754,81.99087 28.01990 17.246,82.01164 27.98390 17.246,82.01164 27.98390 12.754)))"
1,1,5.250000E+00,8.211522E+01,3.127081E+01,1.500000E+01,Active Shallow Crust,3.798739E+01,9.000000E+01,0.000000E+00,"MULTIPOLYGON(((82.10067 31.25489 12.754,82.12977 31.28673 12.754,82.12977 31.28673 17.246,82.10067 31.25489 17.246,82.10067 31.25489 12.754)))"
2,1,5.750000E+00,8.455236E+01,3.059108E+01,1.500000E+01,Active Shallow Crust,4.098697E+01,9.000000E+01,0.000000E+00,"MULTIPOLYGON(((84.52652 30.56549 11.229,84.57822 30.61668 11.229,84.57822 30.61668 18.771,84.52652 30.56549 18.771,84.52652 30.56549 11.229)))"
3,1,5.250000E+00,8.465395E+01,3.014142E+01,1.500000E+01,Active Shallow Crust,4.099261E+01,9.000000E+01,0.000000E+00,"MULTIPOLYGON(((84.63863 30.12618 12.754,84.66929 30.15667 12.754,84.66929 30.15667 17.246,84.63863 30.12618 17.246,84.63863 30.12618 12.754)))"
